------------------------------------------------------------
TimeQuest Timing Analyzer Summary
------------------------------------------------------------

Type  : Slow 1200mV 85C Model Setup 'S[0]'
Slack : -5.493
TNS   : -76.826

Type  : Slow 1200mV 85C Model Setup 'clk'
Slack : -3.147
TNS   : -20.526

Type  : Slow 1200mV 85C Model Hold 'clk'
Slack : 0.451
TNS   : 0.000

Type  : Slow 1200mV 85C Model Hold 'S[0]'
Slack : 0.964
TNS   : 0.000

Type  : Slow 1200mV 85C Model Recovery 'S[0]'
Slack : -1.856
TNS   : -1.856

Type  : Slow 1200mV 85C Model Removal 'S[0]'
Slack : 1.263
TNS   : 0.000

Type  : Slow 1200mV 85C Model Minimum Pulse Width 'clk'
Slack : -3.000
TNS   : -22.331

Type  : Slow 1200mV 85C Model Minimum Pulse Width 'S[0]'
Slack : 0.179
TNS   : 0.000

Type  : Slow 1200mV 0C Model Setup 'S[0]'
Slack : -5.265
TNS   : -73.102

Type  : Slow 1200mV 0C Model Setup 'clk'
Slack : -2.976
TNS   : -18.314

Type  : Slow 1200mV 0C Model Hold 'clk'
Slack : 0.400
TNS   : 0.000

Type  : Slow 1200mV 0C Model Hold 'S[0]'
Slack : 0.889
TNS   : 0.000

Type  : Slow 1200mV 0C Model Recovery 'S[0]'
Slack : -1.641
TNS   : -1.641

Type  : Slow 1200mV 0C Model Removal 'S[0]'
Slack : 1.039
TNS   : 0.000

Type  : Slow 1200mV 0C Model Minimum Pulse Width 'clk'
Slack : -3.000
TNS   : -22.331

Type  : Slow 1200mV 0C Model Minimum Pulse Width 'S[0]'
Slack : 0.072
TNS   : 0.000

Type  : Fast 1200mV 0C Model Setup 'S[0]'
Slack : -1.696
TNS   : -23.214

Type  : Fast 1200mV 0C Model Setup 'clk'
Slack : -0.847
TNS   : -3.180

Type  : Fast 1200mV 0C Model Hold 'clk'
Slack : 0.186
TNS   : 0.000

Type  : Fast 1200mV 0C Model Hold 'S[0]'
Slack : 0.245
TNS   : 0.000

Type  : Fast 1200mV 0C Model Recovery 'S[0]'
Slack : -0.358
TNS   : -0.358

Type  : Fast 1200mV 0C Model Removal 'S[0]'
Slack : 0.566
TNS   : 0.000

Type  : Fast 1200mV 0C Model Minimum Pulse Width 'clk'
Slack : -3.000
TNS   : -16.544

Type  : Fast 1200mV 0C Model Minimum Pulse Width 'S[0]'
Slack : 0.375
TNS   : 0.000

------------------------------------------------------------
