------------------------------------------------------------
TimeQuest Timing Analyzer Summary
------------------------------------------------------------

Type  : Slow 1200mV 85C Model Setup 'clk'
Slack : -2.957
TNS   : -24.488

Type  : Slow 1200mV 85C Model Setup 'cnt'
Slack : -2.748
TNS   : -47.450

Type  : Slow 1200mV 85C Model Hold 'cnt'
Slack : 0.451
TNS   : 0.000

Type  : Slow 1200mV 85C Model Hold 'clk'
Slack : 0.452
TNS   : 0.000

Type  : Slow 1200mV 85C Model Minimum Pulse Width 'clk'
Slack : -3.000
TNS   : -31.253

Type  : Slow 1200mV 85C Model Minimum Pulse Width 'cnt'
Slack : -1.487
TNS   : -35.688

Type  : Slow 1200mV 0C Model Setup 'clk'
Slack : -2.718
TNS   : -20.997

Type  : Slow 1200mV 0C Model Setup 'cnt'
Slack : -2.483
TNS   : -42.520

Type  : Slow 1200mV 0C Model Hold 'clk'
Slack : 0.400
TNS   : 0.000

Type  : Slow 1200mV 0C Model Hold 'cnt'
Slack : 0.400
TNS   : 0.000

Type  : Slow 1200mV 0C Model Minimum Pulse Width 'clk'
Slack : -3.000
TNS   : -31.253

Type  : Slow 1200mV 0C Model Minimum Pulse Width 'cnt'
Slack : -1.487
TNS   : -35.688

Type  : Fast 1200mV 0C Model Setup 'clk'
Slack : -0.743
TNS   : -1.618

Type  : Fast 1200mV 0C Model Setup 'cnt'
Slack : -0.571
TNS   : -7.869

Type  : Fast 1200mV 0C Model Hold 'clk'
Slack : 0.187
TNS   : 0.000

Type  : Fast 1200mV 0C Model Hold 'cnt'
Slack : 0.187
TNS   : 0.000

Type  : Fast 1200mV 0C Model Minimum Pulse Width 'clk'
Slack : -3.000
TNS   : -23.043

Type  : Fast 1200mV 0C Model Minimum Pulse Width 'cnt'
Slack : -1.000
TNS   : -24.000

------------------------------------------------------------
