TimeQuest Timing Analyzer report for COUNTER_NJKFF
Mon Oct 17 10:40:18 2022
Quartus Prime Version 17.0.0 Build 595 04/25/2017 SJ Lite Edition


---------------------
; Table of Contents ;
---------------------
  1. Legal Notice
  2. TimeQuest Timing Analyzer Summary
  3. Parallel Compilation
  4. Clocks
  5. Slow 1100mV 85C Model Fmax Summary
  6. Timing Closure Recommendations
  7. Slow 1100mV 85C Model Setup Summary
  8. Slow 1100mV 85C Model Hold Summary
  9. Slow 1100mV 85C Model Recovery Summary
 10. Slow 1100mV 85C Model Removal Summary
 11. Slow 1100mV 85C Model Minimum Pulse Width Summary
 12. Slow 1100mV 85C Model Metastability Summary
 13. Slow 1100mV 0C Model Fmax Summary
 14. Slow 1100mV 0C Model Setup Summary
 15. Slow 1100mV 0C Model Hold Summary
 16. Slow 1100mV 0C Model Recovery Summary
 17. Slow 1100mV 0C Model Removal Summary
 18. Slow 1100mV 0C Model Minimum Pulse Width Summary
 19. Slow 1100mV 0C Model Metastability Summary
 20. Fast 1100mV 85C Model Setup Summary
 21. Fast 1100mV 85C Model Hold Summary
 22. Fast 1100mV 85C Model Recovery Summary
 23. Fast 1100mV 85C Model Removal Summary
 24. Fast 1100mV 85C Model Minimum Pulse Width Summary
 25. Fast 1100mV 85C Model Metastability Summary
 26. Fast 1100mV 0C Model Setup Summary
 27. Fast 1100mV 0C Model Hold Summary
 28. Fast 1100mV 0C Model Recovery Summary
 29. Fast 1100mV 0C Model Removal Summary
 30. Fast 1100mV 0C Model Minimum Pulse Width Summary
 31. Fast 1100mV 0C Model Metastability Summary
 32. Multicorner Timing Analysis Summary
 33. Board Trace Model Assignments
 34. Input Transition Times
 35. Signal Integrity Metrics (Slow 1100mv 0c Model)
 36. Signal Integrity Metrics (Slow 1100mv 85c Model)
 37. Signal Integrity Metrics (Fast 1100mv 0c Model)
 38. Signal Integrity Metrics (Fast 1100mv 85c Model)
 39. Setup Transfers
 40. Hold Transfers
 41. Recovery Transfers
 42. Removal Transfers
 43. Report TCCS
 44. Report RSKM
 45. Unconstrained Paths Summary
 46. Clock Status Summary
 47. Unconstrained Output Ports
 48. Unconstrained Output Ports
 49. TimeQuest Timing Analyzer Messages



----------------
; Legal Notice ;
----------------
Copyright (C) 2017  Intel Corporation. All rights reserved.
Your use of Intel Corporation's design tools, logic functions 
and other software and tools, and its AMPP partner logic 
functions, and any output files from any of the foregoing 
(including device programming or simulation files), and any 
associated documentation or information are expressly subject 
to the terms and conditions of the Intel Program License 
Subscription Agreement, the Intel Quartus Prime License Agreement,
the Intel MegaCore Function License Agreement, or other 
applicable license agreement, including, without limitation, 
that your use is for the sole purpose of programming logic 
devices manufactured by Intel and sold by Intel or its 
authorized distributors.  Please refer to the applicable 
agreement for further details.



+-----------------------------------------------------------------------------+
; TimeQuest Timing Analyzer Summary                                           ;
+-----------------------+-----------------------------------------------------+
; Quartus Prime Version ; Version 17.0.0 Build 595 04/25/2017 SJ Lite Edition ;
; Timing Analyzer       ; TimeQuest                                           ;
; Revision Name         ; COUNTER_NJKFF                                       ;
; Device Family         ; Cyclone V                                           ;
; Device Name           ; 5CGXFC7C7F23C8                                      ;
; Timing Models         ; Final                                               ;
; Delay Model           ; Combined                                            ;
; Rise/Fall Delays      ; Enabled                                             ;
+-----------------------+-----------------------------------------------------+


+------------------------------------------+
; Parallel Compilation                     ;
+----------------------------+-------------+
; Processors                 ; Number      ;
+----------------------------+-------------+
; Number detected on machine ; 12          ;
; Maximum allowed            ; 6           ;
;                            ;             ;
; Average used               ; 1.03        ;
; Maximum used               ; 6           ;
;                            ;             ;
; Usage by Processor         ; % Time Used ;
;     Processor 1            ; 100.0%      ;
;     Processor 2            ;   1.2%      ;
;     Processor 3            ;   1.1%      ;
;     Processors 4-6         ;   0.3%      ;
+----------------------------+-------------+


+------------------------------------------------------------------------------------------------------------------------------------------------------------------------------------------------------+
; Clocks                                                                                                                                                                                               ;
+-------------------+------+--------+------------+-------+-------+------------+-----------+-------------+-------+--------+-----------+------------+----------+--------+--------+-----------------------+
; Clock Name        ; Type ; Period ; Frequency  ; Rise  ; Fall  ; Duty Cycle ; Divide by ; Multiply by ; Phase ; Offset ; Edge List ; Edge Shift ; Inverted ; Master ; Source ; Targets               ;
+-------------------+------+--------+------------+-------+-------+------------+-----------+-------------+-------+--------+-----------+------------+----------+--------+--------+-----------------------+
; CLK               ; Base ; 1.000  ; 1000.0 MHz ; 0.000 ; 0.500 ;            ;           ;             ;       ;        ;           ;            ;          ;        ;        ; { CLK }               ;
; NJKKFF:inst6|inst ; Base ; 1.000  ; 1000.0 MHz ; 0.000 ; 0.500 ;            ;           ;             ;       ;        ;           ;            ;          ;        ;        ; { NJKKFF:inst6|inst } ;
; NJKKFF:inst7|inst ; Base ; 1.000  ; 1000.0 MHz ; 0.000 ; 0.500 ;            ;           ;             ;       ;        ;           ;            ;          ;        ;        ; { NJKKFF:inst7|inst } ;
; NJKKFF:inst|inst  ; Base ; 1.000  ; 1000.0 MHz ; 0.000 ; 0.500 ;            ;           ;             ;       ;        ;           ;            ;          ;        ;        ; { NJKKFF:inst|inst }  ;
+-------------------+------+--------+------------+-------+-------+------------+-----------+-------------+-------+--------+-----------+------------+----------+--------+--------+-----------------------+


+---------------------------------------------------------+
; Slow 1100mV 85C Model Fmax Summary                      ;
+------------+-----------------+-------------------+------+
; Fmax       ; Restricted Fmax ; Clock Name        ; Note ;
+------------+-----------------+-------------------+------+
; 468.16 MHz ; 468.16 MHz      ; NJKKFF:inst7|inst ;      ;
+------------+-----------------+-------------------+------+
This panel reports FMAX for every clock in the design, regardless of the user-specified clock periods.  FMAX is only computed for paths where the source and destination registers or ports are driven by the same clock.  Paths of different clocks, including generated clocks, are ignored.  For paths between a clock and its inversion, FMAX is computed as if the rising and falling edges are scaled along with FMAX, such that the duty cycle (in terms of a percentage) is maintained. Altera recommends that you always use clock constraints and other slack reports for sign-off analysis.


----------------------------------
; Timing Closure Recommendations ;
----------------------------------
HTML report is unavailable in plain text report export.


+--------------------------------------------+
; Slow 1100mV 85C Model Setup Summary        ;
+-------------------+--------+---------------+
; Clock             ; Slack  ; End Point TNS ;
+-------------------+--------+---------------+
; CLK               ; -3.155 ; -3.155        ;
; NJKKFF:inst|inst  ; -2.295 ; -2.295        ;
; NJKKFF:inst6|inst ; -2.152 ; -2.152        ;
; NJKKFF:inst7|inst ; -1.136 ; -2.266        ;
+-------------------+--------+---------------+


+-------------------------------------------+
; Slow 1100mV 85C Model Hold Summary        ;
+-------------------+-------+---------------+
; Clock             ; Slack ; End Point TNS ;
+-------------------+-------+---------------+
; NJKKFF:inst7|inst ; 0.295 ; 0.000         ;
; NJKKFF:inst6|inst ; 0.518 ; 0.000         ;
; NJKKFF:inst|inst  ; 0.679 ; 0.000         ;
; CLK               ; 0.920 ; 0.000         ;
+-------------------+-------+---------------+


+--------------------------------------------+
; Slow 1100mV 85C Model Recovery Summary     ;
+-------------------+--------+---------------+
; Clock             ; Slack  ; End Point TNS ;
+-------------------+--------+---------------+
; NJKKFF:inst|inst  ; -5.528 ; -5.528        ;
; CLK               ; -3.143 ; -3.143        ;
; NJKKFF:inst7|inst ; -3.128 ; -6.252        ;
; NJKKFF:inst6|inst ; -3.003 ; -3.003        ;
+-------------------+--------+---------------+


+-------------------------------------------+
; Slow 1100mV 85C Model Removal Summary     ;
+-------------------+-------+---------------+
; Clock             ; Slack ; End Point TNS ;
+-------------------+-------+---------------+
; CLK               ; 1.122 ; 0.000         ;
; NJKKFF:inst6|inst ; 1.456 ; 0.000         ;
; NJKKFF:inst7|inst ; 1.865 ; 0.000         ;
; NJKKFF:inst|inst  ; 3.709 ; 0.000         ;
+-------------------+-------+---------------+


+---------------------------------------------------+
; Slow 1100mV 85C Model Minimum Pulse Width Summary ;
+-------------------+--------+----------------------+
; Clock             ; Slack  ; End Point TNS        ;
+-------------------+--------+----------------------+
; NJKKFF:inst7|inst ; -0.724 ; -2.569               ;
; NJKKFF:inst|inst  ; -0.724 ; -1.283               ;
; CLK               ; -0.724 ; -1.225               ;
; NJKKFF:inst6|inst ; -0.724 ; -1.199               ;
+-------------------+--------+----------------------+


-----------------------------------------------
; Slow 1100mV 85C Model Metastability Summary ;
-----------------------------------------------
No synchronizer chains to report.


+---------------------------------------------------------+
; Slow 1100mV 0C Model Fmax Summary                       ;
+------------+-----------------+-------------------+------+
; Fmax       ; Restricted Fmax ; Clock Name        ; Note ;
+------------+-----------------+-------------------+------+
; 497.76 MHz ; 497.76 MHz      ; NJKKFF:inst7|inst ;      ;
+------------+-----------------+-------------------+------+
This panel reports FMAX for every clock in the design, regardless of the user-specified clock periods.  FMAX is only computed for paths where the source and destination registers or ports are driven by the same clock.  Paths of different clocks, including generated clocks, are ignored.  For paths between a clock and its inversion, FMAX is computed as if the rising and falling edges are scaled along with FMAX, such that the duty cycle (in terms of a percentage) is maintained. Altera recommends that you always use clock constraints and other slack reports for sign-off analysis.


+--------------------------------------------+
; Slow 1100mV 0C Model Setup Summary         ;
+-------------------+--------+---------------+
; Clock             ; Slack  ; End Point TNS ;
+-------------------+--------+---------------+
; CLK               ; -2.721 ; -2.721        ;
; NJKKFF:inst|inst  ; -2.372 ; -2.372        ;
; NJKKFF:inst6|inst ; -2.164 ; -2.164        ;
; NJKKFF:inst7|inst ; -1.009 ; -2.012        ;
+-------------------+--------+---------------+


+-------------------------------------------+
; Slow 1100mV 0C Model Hold Summary         ;
+-------------------+-------+---------------+
; Clock             ; Slack ; End Point TNS ;
+-------------------+-------+---------------+
; NJKKFF:inst7|inst ; 0.333 ; 0.000         ;
; CLK               ; 0.577 ; 0.000         ;
; NJKKFF:inst6|inst ; 0.582 ; 0.000         ;
; NJKKFF:inst|inst  ; 0.822 ; 0.000         ;
+-------------------+-------+---------------+


+--------------------------------------------+
; Slow 1100mV 0C Model Recovery Summary      ;
+-------------------+--------+---------------+
; Clock             ; Slack  ; End Point TNS ;
+-------------------+--------+---------------+
; NJKKFF:inst|inst  ; -5.286 ; -5.286        ;
; NJKKFF:inst7|inst ; -2.915 ; -5.826        ;
; CLK               ; -2.794 ; -2.794        ;
; NJKKFF:inst6|inst ; -2.709 ; -2.709        ;
+-------------------+--------+---------------+


+-------------------------------------------+
; Slow 1100mV 0C Model Removal Summary      ;
+-------------------+-------+---------------+
; Clock             ; Slack ; End Point TNS ;
+-------------------+-------+---------------+
; CLK               ; 0.771 ; 0.000         ;
; NJKKFF:inst6|inst ; 1.439 ; 0.000         ;
; NJKKFF:inst7|inst ; 1.853 ; 0.000         ;
; NJKKFF:inst|inst  ; 3.477 ; 0.000         ;
+-------------------+-------+---------------+


+--------------------------------------------------+
; Slow 1100mV 0C Model Minimum Pulse Width Summary ;
+-------------------+--------+---------------------+
; Clock             ; Slack  ; End Point TNS       ;
+-------------------+--------+---------------------+
; NJKKFF:inst7|inst ; -0.724 ; -2.368              ;
; NJKKFF:inst|inst  ; -0.724 ; -1.181              ;
; NJKKFF:inst6|inst ; -0.724 ; -1.110              ;
; CLK               ; -0.724 ; -1.107              ;
+-------------------+--------+---------------------+


----------------------------------------------
; Slow 1100mV 0C Model Metastability Summary ;
----------------------------------------------
No synchronizer chains to report.


+--------------------------------------------+
; Fast 1100mV 85C Model Setup Summary        ;
+-------------------+--------+---------------+
; Clock             ; Slack  ; End Point TNS ;
+-------------------+--------+---------------+
; CLK               ; -1.459 ; -1.459        ;
; NJKKFF:inst|inst  ; -0.819 ; -0.819        ;
; NJKKFF:inst6|inst ; -0.764 ; -0.764        ;
; NJKKFF:inst7|inst ; -0.076 ; -0.151        ;
+-------------------+--------+---------------+


+--------------------------------------------+
; Fast 1100mV 85C Model Hold Summary         ;
+-------------------+--------+---------------+
; Clock             ; Slack  ; End Point TNS ;
+-------------------+--------+---------------+
; NJKKFF:inst6|inst ; -0.022 ; -0.022        ;
; NJKKFF:inst|inst  ; 0.038  ; 0.000         ;
; NJKKFF:inst7|inst ; 0.146  ; 0.000         ;
; CLK               ; 0.434  ; 0.000         ;
+-------------------+--------+---------------+


+--------------------------------------------+
; Fast 1100mV 85C Model Recovery Summary     ;
+-------------------+--------+---------------+
; Clock             ; Slack  ; End Point TNS ;
+-------------------+--------+---------------+
; NJKKFF:inst|inst  ; -2.559 ; -2.559        ;
; NJKKFF:inst7|inst ; -1.291 ; -2.582        ;
; NJKKFF:inst6|inst ; -1.226 ; -1.226        ;
; CLK               ; -1.212 ; -1.212        ;
+-------------------+--------+---------------+


+--------------------------------------------+
; Fast 1100mV 85C Model Removal Summary      ;
+-------------------+--------+---------------+
; Clock             ; Slack  ; End Point TNS ;
+-------------------+--------+---------------+
; CLK               ; -0.037 ; -0.037        ;
; NJKKFF:inst6|inst ; 0.378  ; 0.000         ;
; NJKKFF:inst7|inst ; 0.843  ; 0.000         ;
; NJKKFF:inst|inst  ; 1.331  ; 0.000         ;
+-------------------+--------+---------------+


+---------------------------------------------------+
; Fast 1100mV 85C Model Minimum Pulse Width Summary ;
+-------------------+--------+----------------------+
; Clock             ; Slack  ; End Point TNS        ;
+-------------------+--------+----------------------+
; CLK               ; -0.169 ; -0.169               ;
; NJKKFF:inst7|inst ; 0.093  ; 0.000                ;
; NJKKFF:inst|inst  ; 0.095  ; 0.000                ;
; NJKKFF:inst6|inst ; 0.135  ; 0.000                ;
+-------------------+--------+----------------------+


-----------------------------------------------
; Fast 1100mV 85C Model Metastability Summary ;
-----------------------------------------------
No synchronizer chains to report.


+--------------------------------------------+
; Fast 1100mV 0C Model Setup Summary         ;
+-------------------+--------+---------------+
; Clock             ; Slack  ; End Point TNS ;
+-------------------+--------+---------------+
; CLK               ; -1.073 ; -1.073        ;
; NJKKFF:inst|inst  ; -0.765 ; -0.765        ;
; NJKKFF:inst6|inst ; -0.709 ; -0.709        ;
; NJKKFF:inst7|inst ; -0.023 ; -0.044        ;
+-------------------+--------+---------------+


+--------------------------------------------+
; Fast 1100mV 0C Model Hold Summary          ;
+-------------------+--------+---------------+
; Clock             ; Slack  ; End Point TNS ;
+-------------------+--------+---------------+
; NJKKFF:inst6|inst ; -0.036 ; -0.036        ;
; NJKKFF:inst|inst  ; 0.025  ; 0.000         ;
; NJKKFF:inst7|inst ; 0.131  ; 0.000         ;
; CLK               ; 0.144  ; 0.000         ;
+-------------------+--------+---------------+


+--------------------------------------------+
; Fast 1100mV 0C Model Recovery Summary      ;
+-------------------+--------+---------------+
; Clock             ; Slack  ; End Point TNS ;
+-------------------+--------+---------------+
; NJKKFF:inst|inst  ; -2.156 ; -2.156        ;
; NJKKFF:inst7|inst ; -1.115 ; -2.229        ;
; NJKKFF:inst6|inst ; -1.047 ; -1.047        ;
; CLK               ; -0.798 ; -0.798        ;
+-------------------+--------+---------------+


+--------------------------------------------+
; Fast 1100mV 0C Model Removal Summary       ;
+-------------------+--------+---------------+
; Clock             ; Slack  ; End Point TNS ;
+-------------------+--------+---------------+
; CLK               ; -0.239 ; -0.239        ;
; NJKKFF:inst6|inst ; 0.293  ; 0.000         ;
; NJKKFF:inst7|inst ; 0.759  ; 0.000         ;
; NJKKFF:inst|inst  ; 1.138  ; 0.000         ;
+-------------------+--------+---------------+


+--------------------------------------------------+
; Fast 1100mV 0C Model Minimum Pulse Width Summary ;
+-------------------+--------+---------------------+
; Clock             ; Slack  ; End Point TNS       ;
+-------------------+--------+---------------------+
; CLK               ; -0.210 ; -0.210              ;
; NJKKFF:inst7|inst ; 0.112  ; 0.000               ;
; NJKKFF:inst|inst  ; 0.114  ; 0.000               ;
; NJKKFF:inst6|inst ; 0.161  ; 0.000               ;
+-------------------+--------+---------------------+


----------------------------------------------
; Fast 1100mV 0C Model Metastability Summary ;
----------------------------------------------
No synchronizer chains to report.


+---------------------------------------------------------------------------------+
; Multicorner Timing Analysis Summary                                             ;
+--------------------+--------+--------+----------+---------+---------------------+
; Clock              ; Setup  ; Hold   ; Recovery ; Removal ; Minimum Pulse Width ;
+--------------------+--------+--------+----------+---------+---------------------+
; Worst-case Slack   ; -3.155 ; -0.036 ; -5.528   ; -0.239  ; -0.724              ;
;  CLK               ; -3.155 ; 0.144  ; -3.143   ; -0.239  ; -0.724              ;
;  NJKKFF:inst6|inst ; -2.164 ; -0.036 ; -3.003   ; 0.293   ; -0.724              ;
;  NJKKFF:inst7|inst ; -1.136 ; 0.131  ; -3.128   ; 0.759   ; -0.724              ;
;  NJKKFF:inst|inst  ; -2.372 ; 0.025  ; -5.528   ; 1.138   ; -0.724              ;
; Design-wide TNS    ; -9.868 ; -0.036 ; -17.926  ; -0.239  ; -6.276              ;
;  CLK               ; -3.155 ; 0.000  ; -3.143   ; -0.239  ; -1.225              ;
;  NJKKFF:inst6|inst ; -2.164 ; -0.036 ; -3.003   ; 0.000   ; -1.199              ;
;  NJKKFF:inst7|inst ; -2.266 ; 0.000  ; -6.252   ; 0.000   ; -2.569              ;
;  NJKKFF:inst|inst  ; -2.372 ; 0.000  ; -5.528   ; 0.000   ; -1.283              ;
+--------------------+--------+--------+----------+---------+---------------------+


+--------------------------------------------------------------------------------------------------------------------------------------------------------------------------------------------------------------------------------------------------------------------------------------------------------------------------------------------------------------------------------------------------------+
; Board Trace Model Assignments                                                                                                                                                                                                                                                                                                                                                                          ;
+-----+--------------+-------------------+-------------------------+-------------------------+---------------+---------------------+----------------+------------------+--------+------------------+------------------------+------------------------+--------------+---------------+-----------------+-------+---------------------+--------------------+---------------+-----------------+-------------+
; Pin ; I/O Standard ; Near Tline Length ; Near Tline L per Length ; Near Tline C per Length ; Near Series R ; Near Differential R ; Near Pull-up R ; Near Pull-down R ; Near C ; Far Tline Length ; Far Tline L per Length ; Far Tline C per Length ; Far Series R ; Far Pull-up R ; Far Pull-down R ; Far C ; Termination Voltage ; Far Differential R ; EBD File Name ; EBD Signal Name ; EBD Far-end ;
+-----+--------------+-------------------+-------------------------+-------------------------+---------------+---------------------+----------------+------------------+--------+------------------+------------------------+------------------------+--------------+---------------+-----------------+-------+---------------------+--------------------+---------------+-----------------+-------------+
; Q1  ; 2.5 V        ; 0 in              ; 0 H/in                  ; 0 F/in                  ; short         ; -                   ; open           ; open             ; open   ; 0 in             ; 0 H/in                 ; 0 F/in                 ; short        ; open          ; open            ; open  ; 0 V                 ; -                  ; n/a           ; n/a             ; n/a         ;
; Q2  ; 2.5 V        ; 0 in              ; 0 H/in                  ; 0 F/in                  ; short         ; -                   ; open           ; open             ; open   ; 0 in             ; 0 H/in                 ; 0 F/in                 ; short        ; open          ; open            ; open  ; 0 V                 ; -                  ; n/a           ; n/a             ; n/a         ;
; Q4  ; 2.5 V        ; 0 in              ; 0 H/in                  ; 0 F/in                  ; short         ; -                   ; open           ; open             ; open   ; 0 in             ; 0 H/in                 ; 0 F/in                 ; short        ; open          ; open            ; open  ; 0 V                 ; -                  ; n/a           ; n/a             ; n/a         ;
; Q8  ; 2.5 V        ; 0 in              ; 0 H/in                  ; 0 F/in                  ; short         ; -                   ; open           ; open             ; open   ; 0 in             ; 0 H/in                 ; 0 F/in                 ; short        ; open          ; open            ; open  ; 0 V                 ; -                  ; n/a           ; n/a             ; n/a         ;
+-----+--------------+-------------------+-------------------------+-------------------------+---------------+---------------------+----------------+------------------+--------+------------------+------------------------+------------------------+--------------+---------------+-----------------+-------+---------------------+--------------------+---------------+-----------------+-------------+


+--------------------------------------------------------+
; Input Transition Times                                 ;
+-----+--------------+-----------------+-----------------+
; Pin ; I/O Standard ; 10-90 Rise Time ; 90-10 Fall Time ;
+-----+--------------+-----------------+-----------------+
; CLK ; 2.5 V        ; 2000 ps         ; 2000 ps         ;
+-----+--------------+-----------------+-----------------+


+----------------------------------------------------------------------------------------------------------------------------------------------------------------------------------------------------------------------------------------------------------------------------------------------------------------------------------------------------------------------------------------------------------------------------------------------------------------------------------------------------------------------------------------------------------------------------------------------------------------------------------------------------------------------------------+
; Signal Integrity Metrics (Slow 1100mv 0c Model)                                                                                                                                                                                                                                                                                                                                                                                                                                                                                                                                                                                                                                  ;
+-----+--------------+---------------------+---------------------+------------------------------+------------------------------+---------------------+---------------------+--------------------------------------+--------------------------------------+-----------------------------+-----------------------------+----------------------------+----------------------------+-----------------------------+-----------------------------+--------------------+--------------------+-------------------------------------+-------------------------------------+----------------------------+----------------------------+---------------------------+---------------------------+
; Pin ; I/O Standard ; Board Delay on Rise ; Board Delay on Fall ; Steady State Voh at FPGA Pin ; Steady State Vol at FPGA Pin ; Voh Max at FPGA Pin ; Vol Min at FPGA Pin ; Ringback Voltage on Rise at FPGA Pin ; Ringback Voltage on Fall at FPGA Pin ; 10-90 Rise Time at FPGA Pin ; 90-10 Fall Time at FPGA Pin ; Monotonic Rise at FPGA Pin ; Monotonic Fall at FPGA Pin ; Steady State Voh at Far-end ; Steady State Vol at Far-end ; Voh Max at Far-end ; Vol Min at Far-end ; Ringback Voltage on Rise at Far-end ; Ringback Voltage on Fall at Far-end ; 10-90 Rise Time at Far-end ; 90-10 Fall Time at Far-end ; Monotonic Rise at Far-end ; Monotonic Fall at Far-end ;
+-----+--------------+---------------------+---------------------+------------------------------+------------------------------+---------------------+---------------------+--------------------------------------+--------------------------------------+-----------------------------+-----------------------------+----------------------------+----------------------------+-----------------------------+-----------------------------+--------------------+--------------------+-------------------------------------+-------------------------------------+----------------------------+----------------------------+---------------------------+---------------------------+
; Q1  ; 2.5 V        ; 0 s                 ; 0 s                 ; 2.32 V                       ; 6.72e-08 V                   ; 2.4 V               ; -0.0409 V           ; 0.192 V                              ; 0.125 V                              ; 4.59e-10 s                  ; 4.54e-10 s                  ; No                         ; Yes                        ; 2.32 V                      ; 6.72e-08 V                  ; 2.4 V              ; -0.0409 V          ; 0.192 V                             ; 0.125 V                             ; 4.59e-10 s                 ; 4.54e-10 s                 ; No                        ; Yes                       ;
; Q2  ; 2.5 V        ; 0 s                 ; 0 s                 ; 2.32 V                       ; 6.72e-08 V                   ; 2.4 V               ; -0.041 V            ; 0.19 V                               ; 0.126 V                              ; 4.59e-10 s                  ; 4.54e-10 s                  ; No                         ; Yes                        ; 2.32 V                      ; 6.72e-08 V                  ; 2.4 V              ; -0.041 V           ; 0.19 V                              ; 0.126 V                             ; 4.59e-10 s                 ; 4.54e-10 s                 ; No                        ; Yes                       ;
; Q4  ; 2.5 V        ; 0 s                 ; 0 s                 ; 2.32 V                       ; 5.91e-08 V                   ; 2.35 V              ; -0.0136 V           ; 0.17 V                               ; 0.118 V                              ; 4.69e-10 s                  ; 4.63e-10 s                  ; Yes                        ; Yes                        ; 2.32 V                      ; 5.91e-08 V                  ; 2.35 V             ; -0.0136 V          ; 0.17 V                              ; 0.118 V                             ; 4.69e-10 s                 ; 4.63e-10 s                 ; Yes                       ; Yes                       ;
; Q8  ; 2.5 V        ; 0 s                 ; 0 s                 ; 2.32 V                       ; 5.91e-08 V                   ; 2.35 V              ; -0.0136 V           ; 0.17 V                               ; 0.118 V                              ; 4.69e-10 s                  ; 4.63e-10 s                  ; Yes                        ; Yes                        ; 2.32 V                      ; 5.91e-08 V                  ; 2.35 V             ; -0.0136 V          ; 0.17 V                              ; 0.118 V                             ; 4.69e-10 s                 ; 4.63e-10 s                 ; Yes                       ; Yes                       ;
+-----+--------------+---------------------+---------------------+------------------------------+------------------------------+---------------------+---------------------+--------------------------------------+--------------------------------------+-----------------------------+-----------------------------+----------------------------+----------------------------+-----------------------------+-----------------------------+--------------------+--------------------+-------------------------------------+-------------------------------------+----------------------------+----------------------------+---------------------------+---------------------------+


+----------------------------------------------------------------------------------------------------------------------------------------------------------------------------------------------------------------------------------------------------------------------------------------------------------------------------------------------------------------------------------------------------------------------------------------------------------------------------------------------------------------------------------------------------------------------------------------------------------------------------------------------------------------------------------+
; Signal Integrity Metrics (Slow 1100mv 85c Model)                                                                                                                                                                                                                                                                                                                                                                                                                                                                                                                                                                                                                                 ;
+-----+--------------+---------------------+---------------------+------------------------------+------------------------------+---------------------+---------------------+--------------------------------------+--------------------------------------+-----------------------------+-----------------------------+----------------------------+----------------------------+-----------------------------+-----------------------------+--------------------+--------------------+-------------------------------------+-------------------------------------+----------------------------+----------------------------+---------------------------+---------------------------+
; Pin ; I/O Standard ; Board Delay on Rise ; Board Delay on Fall ; Steady State Voh at FPGA Pin ; Steady State Vol at FPGA Pin ; Voh Max at FPGA Pin ; Vol Min at FPGA Pin ; Ringback Voltage on Rise at FPGA Pin ; Ringback Voltage on Fall at FPGA Pin ; 10-90 Rise Time at FPGA Pin ; 90-10 Fall Time at FPGA Pin ; Monotonic Rise at FPGA Pin ; Monotonic Fall at FPGA Pin ; Steady State Voh at Far-end ; Steady State Vol at Far-end ; Voh Max at Far-end ; Vol Min at Far-end ; Ringback Voltage on Rise at Far-end ; Ringback Voltage on Fall at Far-end ; 10-90 Rise Time at Far-end ; 90-10 Fall Time at Far-end ; Monotonic Rise at Far-end ; Monotonic Fall at Far-end ;
+-----+--------------+---------------------+---------------------+------------------------------+------------------------------+---------------------+---------------------+--------------------------------------+--------------------------------------+-----------------------------+-----------------------------+----------------------------+----------------------------+-----------------------------+-----------------------------+--------------------+--------------------+-------------------------------------+-------------------------------------+----------------------------+----------------------------+---------------------------+---------------------------+
; Q1  ; 2.5 V        ; 0 s                 ; 0 s                 ; 2.32 V                       ; 1.04e-05 V                   ; 2.38 V              ; -0.027 V            ; 0.226 V                              ; 0.08 V                               ; 4.84e-10 s                  ; 5.18e-10 s                  ; No                         ; Yes                        ; 2.32 V                      ; 1.04e-05 V                  ; 2.38 V             ; -0.027 V           ; 0.226 V                             ; 0.08 V                              ; 4.84e-10 s                 ; 5.18e-10 s                 ; No                        ; Yes                       ;
; Q2  ; 2.5 V        ; 0 s                 ; 0 s                 ; 2.32 V                       ; 1.04e-05 V                   ; 2.38 V              ; -0.0273 V           ; 0.226 V                              ; 0.08 V                               ; 4.84e-10 s                  ; 5.19e-10 s                  ; No                         ; Yes                        ; 2.32 V                      ; 1.04e-05 V                  ; 2.38 V             ; -0.0273 V          ; 0.226 V                             ; 0.08 V                              ; 4.84e-10 s                 ; 5.19e-10 s                 ; No                        ; Yes                       ;
; Q4  ; 2.5 V        ; 0 s                 ; 0 s                 ; 2.32 V                       ; 9.38e-06 V                   ; 2.34 V              ; -0.00733 V          ; 0.234 V                              ; 0.071 V                              ; 5.36e-10 s                  ; 5.75e-10 s                  ; No                         ; Yes                        ; 2.32 V                      ; 9.38e-06 V                  ; 2.34 V             ; -0.00733 V         ; 0.234 V                             ; 0.071 V                             ; 5.36e-10 s                 ; 5.75e-10 s                 ; No                        ; Yes                       ;
; Q8  ; 2.5 V        ; 0 s                 ; 0 s                 ; 2.32 V                       ; 9.38e-06 V                   ; 2.34 V              ; -0.00733 V          ; 0.234 V                              ; 0.071 V                              ; 5.36e-10 s                  ; 5.75e-10 s                  ; No                         ; Yes                        ; 2.32 V                      ; 9.38e-06 V                  ; 2.34 V             ; -0.00733 V         ; 0.234 V                             ; 0.071 V                             ; 5.36e-10 s                 ; 5.75e-10 s                 ; No                        ; Yes                       ;
+-----+--------------+---------------------+---------------------+------------------------------+------------------------------+---------------------+---------------------+--------------------------------------+--------------------------------------+-----------------------------+-----------------------------+----------------------------+----------------------------+-----------------------------+-----------------------------+--------------------+--------------------+-------------------------------------+-------------------------------------+----------------------------+----------------------------+---------------------------+---------------------------+


+----------------------------------------------------------------------------------------------------------------------------------------------------------------------------------------------------------------------------------------------------------------------------------------------------------------------------------------------------------------------------------------------------------------------------------------------------------------------------------------------------------------------------------------------------------------------------------------------------------------------------------------------------------------------------------+
; Signal Integrity Metrics (Fast 1100mv 0c Model)                                                                                                                                                                                                                                                                                                                                                                                                                                                                                                                                                                                                                                  ;
+-----+--------------+---------------------+---------------------+------------------------------+------------------------------+---------------------+---------------------+--------------------------------------+--------------------------------------+-----------------------------+-----------------------------+----------------------------+----------------------------+-----------------------------+-----------------------------+--------------------+--------------------+-------------------------------------+-------------------------------------+----------------------------+----------------------------+---------------------------+---------------------------+
; Pin ; I/O Standard ; Board Delay on Rise ; Board Delay on Fall ; Steady State Voh at FPGA Pin ; Steady State Vol at FPGA Pin ; Voh Max at FPGA Pin ; Vol Min at FPGA Pin ; Ringback Voltage on Rise at FPGA Pin ; Ringback Voltage on Fall at FPGA Pin ; 10-90 Rise Time at FPGA Pin ; 90-10 Fall Time at FPGA Pin ; Monotonic Rise at FPGA Pin ; Monotonic Fall at FPGA Pin ; Steady State Voh at Far-end ; Steady State Vol at Far-end ; Voh Max at Far-end ; Vol Min at Far-end ; Ringback Voltage on Rise at Far-end ; Ringback Voltage on Fall at Far-end ; 10-90 Rise Time at Far-end ; 90-10 Fall Time at Far-end ; Monotonic Rise at Far-end ; Monotonic Fall at Far-end ;
+-----+--------------+---------------------+---------------------+------------------------------+------------------------------+---------------------+---------------------+--------------------------------------+--------------------------------------+-----------------------------+-----------------------------+----------------------------+----------------------------+-----------------------------+-----------------------------+--------------------+--------------------+-------------------------------------+-------------------------------------+----------------------------+----------------------------+---------------------------+---------------------------+
; Q1  ; 2.5 V        ; 0 s                 ; 0 s                 ; 2.75 V                       ; 4.14e-06 V                   ; 2.91 V              ; -0.121 V            ; 0.326 V                              ; 0.297 V                              ; 2.74e-10 s                  ; 2.8e-10 s                   ; No                         ; No                         ; 2.75 V                      ; 4.14e-06 V                  ; 2.91 V             ; -0.121 V           ; 0.326 V                             ; 0.297 V                             ; 2.74e-10 s                 ; 2.8e-10 s                  ; No                        ; No                        ;
; Q2  ; 2.5 V        ; 0 s                 ; 0 s                 ; 2.75 V                       ; 4.14e-06 V                   ; 2.91 V              ; -0.119 V            ; 0.326 V                              ; 0.298 V                              ; 2.74e-10 s                  ; 2.8e-10 s                   ; No                         ; No                         ; 2.75 V                      ; 4.14e-06 V                  ; 2.91 V             ; -0.119 V           ; 0.326 V                             ; 0.298 V                             ; 2.74e-10 s                 ; 2.8e-10 s                  ; No                        ; No                        ;
; Q4  ; 2.5 V        ; 0 s                 ; 0 s                 ; 2.75 V                       ; 3.54e-06 V                   ; 2.81 V              ; -0.0578 V           ; 0.303 V                              ; 0.28 V                               ; 2.93e-10 s                  ; 3.01e-10 s                  ; No                         ; No                         ; 2.75 V                      ; 3.54e-06 V                  ; 2.81 V             ; -0.0578 V          ; 0.303 V                             ; 0.28 V                              ; 2.93e-10 s                 ; 3.01e-10 s                 ; No                        ; No                        ;
; Q8  ; 2.5 V        ; 0 s                 ; 0 s                 ; 2.75 V                       ; 3.54e-06 V                   ; 2.81 V              ; -0.0578 V           ; 0.303 V                              ; 0.28 V                               ; 2.93e-10 s                  ; 3.01e-10 s                  ; No                         ; No                         ; 2.75 V                      ; 3.54e-06 V                  ; 2.81 V             ; -0.0578 V          ; 0.303 V                             ; 0.28 V                              ; 2.93e-10 s                 ; 3.01e-10 s                 ; No                        ; No                        ;
+-----+--------------+---------------------+---------------------+------------------------------+------------------------------+---------------------+---------------------+--------------------------------------+--------------------------------------+-----------------------------+-----------------------------+----------------------------+----------------------------+-----------------------------+-----------------------------+--------------------+--------------------+-------------------------------------+-------------------------------------+----------------------------+----------------------------+---------------------------+---------------------------+


+----------------------------------------------------------------------------------------------------------------------------------------------------------------------------------------------------------------------------------------------------------------------------------------------------------------------------------------------------------------------------------------------------------------------------------------------------------------------------------------------------------------------------------------------------------------------------------------------------------------------------------------------------------------------------------+
; Signal Integrity Metrics (Fast 1100mv 85c Model)                                                                                                                                                                                                                                                                                                                                                                                                                                                                                                                                                                                                                                 ;
+-----+--------------+---------------------+---------------------+------------------------------+------------------------------+---------------------+---------------------+--------------------------------------+--------------------------------------+-----------------------------+-----------------------------+----------------------------+----------------------------+-----------------------------+-----------------------------+--------------------+--------------------+-------------------------------------+-------------------------------------+----------------------------+----------------------------+---------------------------+---------------------------+
; Pin ; I/O Standard ; Board Delay on Rise ; Board Delay on Fall ; Steady State Voh at FPGA Pin ; Steady State Vol at FPGA Pin ; Voh Max at FPGA Pin ; Vol Min at FPGA Pin ; Ringback Voltage on Rise at FPGA Pin ; Ringback Voltage on Fall at FPGA Pin ; 10-90 Rise Time at FPGA Pin ; 90-10 Fall Time at FPGA Pin ; Monotonic Rise at FPGA Pin ; Monotonic Fall at FPGA Pin ; Steady State Voh at Far-end ; Steady State Vol at Far-end ; Voh Max at Far-end ; Vol Min at Far-end ; Ringback Voltage on Rise at Far-end ; Ringback Voltage on Fall at Far-end ; 10-90 Rise Time at Far-end ; 90-10 Fall Time at Far-end ; Monotonic Rise at Far-end ; Monotonic Fall at Far-end ;
+-----+--------------+---------------------+---------------------+------------------------------+------------------------------+---------------------+---------------------+--------------------------------------+--------------------------------------+-----------------------------+-----------------------------+----------------------------+----------------------------+-----------------------------+-----------------------------+--------------------+--------------------+-------------------------------------+-------------------------------------+----------------------------+----------------------------+---------------------------+---------------------------+
; Q1  ; 2.5 V        ; 0 s                 ; 0 s                 ; 2.75 V                       ; 0.000242 V                   ; 2.86 V              ; -0.0814 V           ; 0.36 V                               ; 0.156 V                              ; 3e-10 s                     ; 4.34e-10 s                  ; No                         ; No                         ; 2.75 V                      ; 0.000242 V                  ; 2.86 V             ; -0.0814 V          ; 0.36 V                              ; 0.156 V                             ; 3e-10 s                    ; 4.34e-10 s                 ; No                        ; No                        ;
; Q2  ; 2.5 V        ; 0 s                 ; 0 s                 ; 2.75 V                       ; 0.000242 V                   ; 2.86 V              ; -0.0805 V           ; 0.358 V                              ; 0.156 V                              ; 3.01e-10 s                  ; 4.34e-10 s                  ; No                         ; No                         ; 2.75 V                      ; 0.000242 V                  ; 2.86 V             ; -0.0805 V          ; 0.358 V                             ; 0.156 V                             ; 3.01e-10 s                 ; 4.34e-10 s                 ; No                        ; No                        ;
; Q4  ; 2.5 V        ; 0 s                 ; 0 s                 ; 2.75 V                       ; 0.000213 V                   ; 2.79 V              ; -0.0324 V           ; 0.139 V                              ; 0.119 V                              ; 4.42e-10 s                  ; 4.33e-10 s                  ; No                         ; Yes                        ; 2.75 V                      ; 0.000213 V                  ; 2.79 V             ; -0.0324 V          ; 0.139 V                             ; 0.119 V                             ; 4.42e-10 s                 ; 4.33e-10 s                 ; No                        ; Yes                       ;
; Q8  ; 2.5 V        ; 0 s                 ; 0 s                 ; 2.75 V                       ; 0.000213 V                   ; 2.79 V              ; -0.0324 V           ; 0.139 V                              ; 0.119 V                              ; 4.42e-10 s                  ; 4.33e-10 s                  ; No                         ; Yes                        ; 2.75 V                      ; 0.000213 V                  ; 2.79 V             ; -0.0324 V          ; 0.139 V                             ; 0.119 V                             ; 4.42e-10 s                 ; 4.33e-10 s                 ; No                        ; Yes                       ;
+-----+--------------+---------------------+---------------------+------------------------------+------------------------------+---------------------+---------------------+--------------------------------------+--------------------------------------+-----------------------------+-----------------------------+----------------------------+----------------------------+-----------------------------+-----------------------------+--------------------+--------------------+-------------------------------------+-------------------------------------+----------------------------+----------------------------+---------------------------+---------------------------+


+-----------------------------------------------------------------------------------+
; Setup Transfers                                                                   ;
+-------------------+-------------------+----------+----------+----------+----------+
; From Clock        ; To Clock          ; RR Paths ; FR Paths ; RF Paths ; FF Paths ;
+-------------------+-------------------+----------+----------+----------+----------+
; NJKKFF:inst|inst  ; CLK               ; 0        ; 0        ; 1        ; 1        ;
; NJKKFF:inst7|inst ; NJKKFF:inst6|inst ; 0        ; 0        ; 1        ; 1        ;
; NJKKFF:inst7|inst ; NJKKFF:inst7|inst ; 0        ; 0        ; 0        ; 2        ;
; NJKKFF:inst6|inst ; NJKKFF:inst|inst  ; 0        ; 0        ; 1        ; 1        ;
+-------------------+-------------------+----------+----------+----------+----------+
Entries labeled "false path" only account for clock-to-clock false paths and not path-based false paths. As a result, actual path counts may be lower than reported.


+-----------------------------------------------------------------------------------+
; Hold Transfers                                                                    ;
+-------------------+-------------------+----------+----------+----------+----------+
; From Clock        ; To Clock          ; RR Paths ; FR Paths ; RF Paths ; FF Paths ;
+-------------------+-------------------+----------+----------+----------+----------+
; NJKKFF:inst|inst  ; CLK               ; 0        ; 0        ; 1        ; 1        ;
; NJKKFF:inst7|inst ; NJKKFF:inst6|inst ; 0        ; 0        ; 1        ; 1        ;
; NJKKFF:inst7|inst ; NJKKFF:inst7|inst ; 0        ; 0        ; 0        ; 2        ;
; NJKKFF:inst6|inst ; NJKKFF:inst|inst  ; 0        ; 0        ; 1        ; 1        ;
+-------------------+-------------------+----------+----------+----------+----------+
Entries labeled "false path" only account for clock-to-clock false paths and not path-based false paths. As a result, actual path counts may be lower than reported.


+-----------------------------------------------------------------------------------+
; Recovery Transfers                                                                ;
+-------------------+-------------------+----------+----------+----------+----------+
; From Clock        ; To Clock          ; RR Paths ; FR Paths ; RF Paths ; FF Paths ;
+-------------------+-------------------+----------+----------+----------+----------+
; NJKKFF:inst6|inst ; CLK               ; 0        ; 0        ; 1        ; 1        ;
; NJKKFF:inst7|inst ; CLK               ; 0        ; 0        ; 0        ; 1        ;
; NJKKFF:inst6|inst ; NJKKFF:inst6|inst ; 0        ; 0        ; 1        ; 1        ;
; NJKKFF:inst7|inst ; NJKKFF:inst6|inst ; 0        ; 0        ; 0        ; 1        ;
; NJKKFF:inst6|inst ; NJKKFF:inst7|inst ; 0        ; 0        ; 2        ; 2        ;
; NJKKFF:inst7|inst ; NJKKFF:inst7|inst ; 0        ; 0        ; 0        ; 2        ;
; NJKKFF:inst6|inst ; NJKKFF:inst|inst  ; 0        ; 0        ; 1        ; 1        ;
; NJKKFF:inst7|inst ; NJKKFF:inst|inst  ; 0        ; 0        ; 0        ; 1        ;
+-------------------+-------------------+----------+----------+----------+----------+
Entries labeled "false path" only account for clock-to-clock false paths and not path-based false paths. As a result, actual path counts may be lower than reported.


+-----------------------------------------------------------------------------------+
; Removal Transfers                                                                 ;
+-------------------+-------------------+----------+----------+----------+----------+
; From Clock        ; To Clock          ; RR Paths ; FR Paths ; RF Paths ; FF Paths ;
+-------------------+-------------------+----------+----------+----------+----------+
; NJKKFF:inst6|inst ; CLK               ; 0        ; 0        ; 1        ; 1        ;
; NJKKFF:inst7|inst ; CLK               ; 0        ; 0        ; 0        ; 1        ;
; NJKKFF:inst6|inst ; NJKKFF:inst6|inst ; 0        ; 0        ; 1        ; 1        ;
; NJKKFF:inst7|inst ; NJKKFF:inst6|inst ; 0        ; 0        ; 0        ; 1        ;
; NJKKFF:inst6|inst ; NJKKFF:inst7|inst ; 0        ; 0        ; 2        ; 2        ;
; NJKKFF:inst7|inst ; NJKKFF:inst7|inst ; 0        ; 0        ; 0        ; 2        ;
; NJKKFF:inst6|inst ; NJKKFF:inst|inst  ; 0        ; 0        ; 1        ; 1        ;
; NJKKFF:inst7|inst ; NJKKFF:inst|inst  ; 0        ; 0        ; 0        ; 1        ;
+-------------------+-------------------+----------+----------+----------+----------+
Entries labeled "false path" only account for clock-to-clock false paths and not path-based false paths. As a result, actual path counts may be lower than reported.


---------------
; Report TCCS ;
---------------
No dedicated SERDES Transmitter circuitry present in device or used in design


---------------
; Report RSKM ;
---------------
No non-DPA dedicated SERDES Receiver circuitry present in device or used in design


+------------------------------------------------+
; Unconstrained Paths Summary                    ;
+---------------------------------+-------+------+
; Property                        ; Setup ; Hold ;
+---------------------------------+-------+------+
; Illegal Clocks                  ; 0     ; 0    ;
; Unconstrained Clocks            ; 0     ; 0    ;
; Unconstrained Input Ports       ; 0     ; 0    ;
; Unconstrained Input Port Paths  ; 0     ; 0    ;
; Unconstrained Output Ports      ; 4     ; 4    ;
; Unconstrained Output Port Paths ; 4     ; 4    ;
+---------------------------------+-------+------+


+------------------------------------------------------------+
; Clock Status Summary                                       ;
+-------------------+-------------------+------+-------------+
; Target            ; Clock             ; Type ; Status      ;
+-------------------+-------------------+------+-------------+
; CLK               ; CLK               ; Base ; Constrained ;
; NJKKFF:inst6|inst ; NJKKFF:inst6|inst ; Base ; Constrained ;
; NJKKFF:inst7|inst ; NJKKFF:inst7|inst ; Base ; Constrained ;
; NJKKFF:inst|inst  ; NJKKFF:inst|inst  ; Base ; Constrained ;
+-------------------+-------------------+------+-------------+


+-----------------------------------------------------------------------------------------------------+
; Unconstrained Output Ports                                                                          ;
+-------------+---------------------------------------------------------------------------------------+
; Output Port ; Comment                                                                               ;
+-------------+---------------------------------------------------------------------------------------+
; Q1          ; No output delay, min/max delays, false-path exceptions, or max skew assignments found ;
; Q2          ; No output delay, min/max delays, false-path exceptions, or max skew assignments found ;
; Q4          ; No output delay, min/max delays, false-path exceptions, or max skew assignments found ;
; Q8          ; No output delay, min/max delays, false-path exceptions, or max skew assignments found ;
+-------------+---------------------------------------------------------------------------------------+


+-----------------------------------------------------------------------------------------------------+
; Unconstrained Output Ports                                                                          ;
+-------------+---------------------------------------------------------------------------------------+
; Output Port ; Comment                                                                               ;
+-------------+---------------------------------------------------------------------------------------+
; Q1          ; No output delay, min/max delays, false-path exceptions, or max skew assignments found ;
; Q2          ; No output delay, min/max delays, false-path exceptions, or max skew assignments found ;
; Q4          ; No output delay, min/max delays, false-path exceptions, or max skew assignments found ;
; Q8          ; No output delay, min/max delays, false-path exceptions, or max skew assignments found ;
+-------------+---------------------------------------------------------------------------------------+


+------------------------------------+
; TimeQuest Timing Analyzer Messages ;
+------------------------------------+
Info: *******************************************************************
Info: Running Quartus Prime TimeQuest Timing Analyzer
    Info: Version 17.0.0 Build 595 04/25/2017 SJ Lite Edition
    Info: Processing started: Mon Oct 17 10:40:14 2022
Info: Command: quartus_sta COUNTER_NJKFF -c COUNTER_NJKFF
Info: qsta_default_script.tcl version: #1
Warning (18236): Number of processors has not been specified which may cause overloading on shared machines.  Set the global assignment NUM_PARALLEL_PROCESSORS in your QSF to an appropriate value for best performance.
Info (20030): Parallel compilation is enabled and will use 6 of the 6 processors detected
Info (21076): High junction temperature operating condition is not set. Assuming a default value of '85'.
Info (21076): Low junction temperature operating condition is not set. Assuming a default value of '0'.
Critical Warning (332012): Synopsys Design Constraints File file not found: 'COUNTER_NJKFF.sdc'. A Synopsys Design Constraints File is required by the TimeQuest Timing Analyzer to get proper timing constraints. Without it, the Compiler will not properly optimize the design.
Info (332142): No user constrained base clocks found in the design. Calling "derive_clocks -period 1.0"
Info (332105): Deriving Clocks
    Info (332105): create_clock -period 1.000 -name CLK CLK
    Info (332105): create_clock -period 1.000 -name NJKKFF:inst|inst NJKKFF:inst|inst
    Info (332105): create_clock -period 1.000 -name NJKKFF:inst7|inst NJKKFF:inst7|inst
    Info (332105): create_clock -period 1.000 -name NJKKFF:inst6|inst NJKKFF:inst6|inst
Info (332143): No user constrained clock uncertainty found in the design. Calling "derive_clock_uncertainty"
Info (332123): Deriving Clock Uncertainty. Please refer to report_sdc in TimeQuest to see clock uncertainties.
Info: Found TIMEQUEST_REPORT_SCRIPT_INCLUDE_DEFAULT_ANALYSIS = ON
Info: Analyzing Slow 1100mV 85C Model
Critical Warning (332148): Timing requirements not met
    Info (11105): For recommendations on closing timing, run Report Timing Closure Recommendations in the TimeQuest Timing Analyzer.
Info (332146): Worst-case setup slack is -3.155
    Info (332119):     Slack       End Point TNS Clock 
    Info (332119): ========= =================== =====================
    Info (332119):    -3.155              -3.155 CLK 
    Info (332119):    -2.295              -2.295 NJKKFF:inst|inst 
    Info (332119):    -2.152              -2.152 NJKKFF:inst6|inst 
    Info (332119):    -1.136              -2.266 NJKKFF:inst7|inst 
Info (332146): Worst-case hold slack is 0.295
    Info (332119):     Slack       End Point TNS Clock 
    Info (332119): ========= =================== =====================
    Info (332119):     0.295               0.000 NJKKFF:inst7|inst 
    Info (332119):     0.518               0.000 NJKKFF:inst6|inst 
    Info (332119):     0.679               0.000 NJKKFF:inst|inst 
    Info (332119):     0.920               0.000 CLK 
Info (332146): Worst-case recovery slack is -5.528
    Info (332119):     Slack       End Point TNS Clock 
    Info (332119): ========= =================== =====================
    Info (332119):    -5.528              -5.528 NJKKFF:inst|inst 
    Info (332119):    -3.143              -3.143 CLK 
    Info (332119):    -3.128              -6.252 NJKKFF:inst7|inst 
    Info (332119):    -3.003              -3.003 NJKKFF:inst6|inst 
Info (332146): Worst-case removal slack is 1.122
    Info (332119):     Slack       End Point TNS Clock 
    Info (332119): ========= =================== =====================
    Info (332119):     1.122               0.000 CLK 
    Info (332119):     1.456               0.000 NJKKFF:inst6|inst 
    Info (332119):     1.865               0.000 NJKKFF:inst7|inst 
    Info (332119):     3.709               0.000 NJKKFF:inst|inst 
Info (332146): Worst-case minimum pulse width slack is -0.724
    Info (332119):     Slack       End Point TNS Clock 
    Info (332119): ========= =================== =====================
    Info (332119):    -0.724              -2.569 NJKKFF:inst7|inst 
    Info (332119):    -0.724              -1.283 NJKKFF:inst|inst 
    Info (332119):    -0.724              -1.225 CLK 
    Info (332119):    -0.724              -1.199 NJKKFF:inst6|inst 
Info: Analyzing Slow 1100mV 0C Model
Info (334003): Started post-fitting delay annotation
Info (334004): Delay annotation completed successfully
Info (332123): Deriving Clock Uncertainty. Please refer to report_sdc in TimeQuest to see clock uncertainties.
Critical Warning (332148): Timing requirements not met
    Info (11105): For recommendations on closing timing, run Report Timing Closure Recommendations in the TimeQuest Timing Analyzer.
Info (332146): Worst-case setup slack is -2.721
    Info (332119):     Slack       End Point TNS Clock 
    Info (332119): ========= =================== =====================
    Info (332119):    -2.721              -2.721 CLK 
    Info (332119):    -2.372              -2.372 NJKKFF:inst|inst 
    Info (332119):    -2.164              -2.164 NJKKFF:inst6|inst 
    Info (332119):    -1.009              -2.012 NJKKFF:inst7|inst 
Info (332146): Worst-case hold slack is 0.333
    Info (332119):     Slack       End Point TNS Clock 
    Info (332119): ========= =================== =====================
    Info (332119):     0.333               0.000 NJKKFF:inst7|inst 
    Info (332119):     0.577               0.000 CLK 
    Info (332119):     0.582               0.000 NJKKFF:inst6|inst 
    Info (332119):     0.822               0.000 NJKKFF:inst|inst 
Info (332146): Worst-case recovery slack is -5.286
    Info (332119):     Slack       End Point TNS Clock 
    Info (332119): ========= =================== =====================
    Info (332119):    -5.286              -5.286 NJKKFF:inst|inst 
    Info (332119):    -2.915              -5.826 NJKKFF:inst7|inst 
    Info (332119):    -2.794              -2.794 CLK 
    Info (332119):    -2.709              -2.709 NJKKFF:inst6|inst 
Info (332146): Worst-case removal slack is 0.771
    Info (332119):     Slack       End Point TNS Clock 
    Info (332119): ========= =================== =====================
    Info (332119):     0.771               0.000 CLK 
    Info (332119):     1.439               0.000 NJKKFF:inst6|inst 
    Info (332119):     1.853               0.000 NJKKFF:inst7|inst 
    Info (332119):     3.477               0.000 NJKKFF:inst|inst 
Info (332146): Worst-case minimum pulse width slack is -0.724
    Info (332119):     Slack       End Point TNS Clock 
    Info (332119): ========= =================== =====================
    Info (332119):    -0.724              -2.368 NJKKFF:inst7|inst 
    Info (332119):    -0.724              -1.181 NJKKFF:inst|inst 
    Info (332119):    -0.724              -1.110 NJKKFF:inst6|inst 
    Info (332119):    -0.724              -1.107 CLK 
Info: Analyzing Fast 1100mV 85C Model
Info (334003): Started post-fitting delay annotation
Info (334004): Delay annotation completed successfully
Info (332123): Deriving Clock Uncertainty. Please refer to report_sdc in TimeQuest to see clock uncertainties.
Critical Warning (332148): Timing requirements not met
    Info (11105): For recommendations on closing timing, run Report Timing Closure Recommendations in the TimeQuest Timing Analyzer.
Info (332146): Worst-case setup slack is -1.459
    Info (332119):     Slack       End Point TNS Clock 
    Info (332119): ========= =================== =====================
    Info (332119):    -1.459              -1.459 CLK 
    Info (332119):    -0.819              -0.819 NJKKFF:inst|inst 
    Info (332119):    -0.764              -0.764 NJKKFF:inst6|inst 
    Info (332119):    -0.076              -0.151 NJKKFF:inst7|inst 
Info (332146): Worst-case hold slack is -0.022
    Info (332119):     Slack       End Point TNS Clock 
    Info (332119): ========= =================== =====================
    Info (332119):    -0.022              -0.022 NJKKFF:inst6|inst 
    Info (332119):     0.038               0.000 NJKKFF:inst|inst 
    Info (332119):     0.146               0.000 NJKKFF:inst7|inst 
    Info (332119):     0.434               0.000 CLK 
Info (332146): Worst-case recovery slack is -2.559
    Info (332119):     Slack       End Point TNS Clock 
    Info (332119): ========= =================== =====================
    Info (332119):    -2.559              -2.559 NJKKFF:inst|inst 
    Info (332119):    -1.291              -2.582 NJKKFF:inst7|inst 
    Info (332119):    -1.226              -1.226 NJKKFF:inst6|inst 
    Info (332119):    -1.212              -1.212 CLK 
Info (332146): Worst-case removal slack is -0.037
    Info (332119):     Slack       End Point TNS Clock 
    Info (332119): ========= =================== =====================
    Info (332119):    -0.037              -0.037 CLK 
    Info (332119):     0.378               0.000 NJKKFF:inst6|inst 
    Info (332119):     0.843               0.000 NJKKFF:inst7|inst 
    Info (332119):     1.331               0.000 NJKKFF:inst|inst 
Info (332146): Worst-case minimum pulse width slack is -0.169
    Info (332119):     Slack       End Point TNS Clock 
    Info (332119): ========= =================== =====================
    Info (332119):    -0.169              -0.169 CLK 
    Info (332119):     0.093               0.000 NJKKFF:inst7|inst 
    Info (332119):     0.095               0.000 NJKKFF:inst|inst 
    Info (332119):     0.135               0.000 NJKKFF:inst6|inst 
Info: Analyzing Fast 1100mV 0C Model
Info (332123): Deriving Clock Uncertainty. Please refer to report_sdc in TimeQuest to see clock uncertainties.
Critical Warning (332148): Timing requirements not met
    Info (11105): For recommendations on closing timing, run Report Timing Closure Recommendations in the TimeQuest Timing Analyzer.
Info (332146): Worst-case setup slack is -1.073
    Info (332119):     Slack       End Point TNS Clock 
    Info (332119): ========= =================== =====================
    Info (332119):    -1.073              -1.073 CLK 
    Info (332119):    -0.765              -0.765 NJKKFF:inst|inst 
    Info (332119):    -0.709              -0.709 NJKKFF:inst6|inst 
    Info (332119):    -0.023              -0.044 NJKKFF:inst7|inst 
Info (332146): Worst-case hold slack is -0.036
    Info (332119):     Slack       End Point TNS Clock 
    Info (332119): ========= =================== =====================
    Info (332119):    -0.036              -0.036 NJKKFF:inst6|inst 
    Info (332119):     0.025               0.000 NJKKFF:inst|inst 
    Info (332119):     0.131               0.000 NJKKFF:inst7|inst 
    Info (332119):     0.144               0.000 CLK 
Info (332146): Worst-case recovery slack is -2.156
    Info (332119):     Slack       End Point TNS Clock 
    Info (332119): ========= =================== =====================
    Info (332119):    -2.156              -2.156 NJKKFF:inst|inst 
    Info (332119):    -1.115              -2.229 NJKKFF:inst7|inst 
    Info (332119):    -1.047              -1.047 NJKKFF:inst6|inst 
    Info (332119):    -0.798              -0.798 CLK 
Info (332146): Worst-case removal slack is -0.239
    Info (332119):     Slack       End Point TNS Clock 
    Info (332119): ========= =================== =====================
    Info (332119):    -0.239              -0.239 CLK 
    Info (332119):     0.293               0.000 NJKKFF:inst6|inst 
    Info (332119):     0.759               0.000 NJKKFF:inst7|inst 
    Info (332119):     1.138               0.000 NJKKFF:inst|inst 
Info (332146): Worst-case minimum pulse width slack is -0.210
    Info (332119):     Slack       End Point TNS Clock 
    Info (332119): ========= =================== =====================
    Info (332119):    -0.210              -0.210 CLK 
    Info (332119):     0.112               0.000 NJKKFF:inst7|inst 
    Info (332119):     0.114               0.000 NJKKFF:inst|inst 
    Info (332119):     0.161               0.000 NJKKFF:inst6|inst 
Info (332102): Design is not fully constrained for setup requirements
Info (332102): Design is not fully constrained for hold requirements
Info: Quartus Prime TimeQuest Timing Analyzer was successful. 0 errors, 6 warnings
    Info: Peak virtual memory: 5195 megabytes
    Info: Processing ended: Mon Oct 17 10:40:18 2022
    Info: Elapsed time: 00:00:04
    Info: Total CPU time (on all processors): 00:00:05


