------------------------------------------------------------
TimeQuest Timing Analyzer Summary
------------------------------------------------------------

Type  : Slow 1100mV 85C Model Setup 'CLK'
Slack : -0.474
TNS   : -1.761

Type  : Slow 1100mV 85C Model Hold 'CLK'
Slack : 0.379
TNS   : 0.000

Type  : Slow 1100mV 85C Model Minimum Pulse Width 'CLK'
Slack : -0.724
TNS   : -5.534

Type  : Slow 1100mV 0C Model Setup 'CLK'
Slack : -0.531
TNS   : -1.636

Type  : Slow 1100mV 0C Model Hold 'CLK'
Slack : 0.366
TNS   : 0.000

Type  : Slow 1100mV 0C Model Minimum Pulse Width 'CLK'
Slack : -0.724
TNS   : -5.552

Type  : Fast 1100mV 85C Model Setup 'CLK'
Slack : 0.345
TNS   : 0.000

Type  : Fast 1100mV 85C Model Hold 'CLK'
Slack : 0.165
TNS   : 0.000

Type  : Fast 1100mV 85C Model Minimum Pulse Width 'CLK'
Slack : -0.084
TNS   : -0.413

Type  : Fast 1100mV 0C Model Setup 'CLK'
Slack : 0.400
TNS   : 0.000

Type  : Fast 1100mV 0C Model Hold 'CLK'
Slack : 0.151
TNS   : 0.000

Type  : Fast 1100mV 0C Model Minimum Pulse Width 'CLK'
Slack : -0.086
TNS   : -0.426

------------------------------------------------------------
